track testcomposite
shortLabel testlabelshort
longLabel testlabellong
type bigWig
visibility full
subGroup1 view Views view1=view1
compositeTrack on

    track testviewtrack
    shortLabel testviewtrack
    longLabel testviewtrack
    type bigWig
    parent testcomposite on
    view view1
    visibility full
    
            track E003DNase
            bigDataUrl http://egg2.wustl.edu/roadmap/data/byFileType/signal/consolidated/macs2signal/pval/E003-DNase.pval.signal.bigwig
            shortLabel E003DNase
            longLabel E003DNase
            type bigWig
            parent testviewtrack off
            visibility full
            subGroups view=view1
    
            track E004DNase
            bigDataUrl http://egg2.wustl.edu/roadmap/data/byFileType/signal/consolidated/macs2signal/pval/E004-DNase.pval.signal.bigwig
            shortLabel E004DNase
            longLabel E004DNase
            type bigWig
            parent testviewtrack on
            visibility full
            subGroups view=view1
    
            track E005DNase
            bigDataUrl http://egg2.wustl.edu/roadmap/data/byFileType/signal/consolidated/macs2signal/pval/E005-DNase.pval.signal.bigwig
            shortLabel E005DNase
            longLabel E005DNase
            type bigWig
            visibility full
            subGroups view=view1
